beets
cairo-dock-plug-ins
coccinelle
COPASI
copr-backend
copr-dist-git
copr-frontend
copr-keygen
copr-rpmbuild
cucumber-messages
edk2
fastapi-cli
fonttools
gdal
gherkin
gnucash
gr-funcube
grpc
ibus
ibus-typing-booster
kf6-kapidox
libcamera
libsemanage
mingw-glib2
nordugrid-arc
onnxruntime
opentrep
orca
pgadmin4
pydot
python3
python3-mypy
python-aeidon
python-arviz
python-azure-mgmt-dns
python-blosc2
python-cligj
python-copr
python-copr-common
python-cs
python-dask
python-deepdiff
python-distributed
python-executing
python-expandvars
python-extractcode
python-extractcode-libarchive
python-fastapi
python-fingerprints
python-fsleyes
python-fsleyes-widgets
python-httpx
python-httpx-socks
python-imagecodecs
python-inline-snapshot
python-isal
python-moddb
python-neo
python-networkx
python-numcodecs
python-numexpr
python-openapi-core
python-openqa_client
python-pg8000
python-platformio
python-pulp
python-pygraphviz
python-snakemake-executor-plugin-kubernetes
python-snakemake-executor-plugin-slurm
python-snakemake-interface-storage-plugins
python-snakemake-storage-plugin-s3
python-socks
python-sphinxcontrib-svg2pdfconverter
python-sphinxext-opengraph
python-starlette
python-steampunk-spotter
python-tables
python-towncrier
python-trimesh
python-typecode
python-typecode-libmagic
python-wikitcms
python-xarray
python-xlsxwriter
python-zope-sqlalchemy
python-zstandard
qgis
quodlibet
re2
relval
rpkg
setools
snakemake
syslog-ng
tldr
xen
