Cloning into 'plplot'...
[rawhide 5a72d9c] Rebuilt for Python 3.14.0rc3 bytecode
 Author: Python Maint <python-maint@redhat.com>
 1 file changed, 4 insertions(+), 1 deletion(-)
sh: line 1: octave-c: command not found
warning: Macro expanded in comment on line 74: %{commit}.zip

warning: Macro expanded in comment on line 651: %{_libdir}/ada/adalib/

warning: Macro expanded in comment on line 653: %{_libdir}/ada/adalib/plplotadad/

warning: Macro expanded in comment on line 656: %{_datadir}/ada/adainclude/

warning: Macro expanded in comment on line 658: %{_datadir}/ada/adainclude/plplotadad/


Building plplot-5.15.0-85.fc44 for rawhide
Created task: 137255471
Task info: https://koji.fedoraproject.org/koji/taskinfo?taskID=137255471
sh: line 1: octave-c: command not found
warning: Macro expanded in comment on line 74: %{commit}.zip

warning: Macro expanded in comment on line 651: %{_libdir}/ada/adalib/

warning: Macro expanded in comment on line 653: %{_libdir}/ada/adalib/plplotadad/

warning: Macro expanded in comment on line 656: %{_datadir}/ada/adainclude/

warning: Macro expanded in comment on line 658: %{_datadir}/ada/adainclude/plplotadad/


Building plplot-5.15.0-85.fc43 for f43-candidate
Created task: 137255479
Task info: https://koji.fedoraproject.org/koji/taskinfo?taskID=137255479
