Cloning into 'PyQt4'...
RPMAutoSpec usage detected, not changing the spec file.
[rawhide d756621] Rebuilt for Python 3.14.0rc3 bytecode
 Author: Python Maint <python-maint@redhat.com>
sh: line 1: /usr/bin/python2: No such file or directory
sh: line 1: /usr/bin/python2: No such file or directory
sh: line 1: /usr/bin/python2: No such file or directory
sh: line 1: /usr/bin/python2: No such file or directory
sh: line 1: /usr/bin/python2: No such file or directory
sh: line 1: /usr/bin/python2: No such file or directory
sh: line 1: /usr/bin/python2: No such file or directory
sh: line 1: /usr/bin/python2: No such file or directory
sh: line 1: /usr/bin/python2: No such file or directory
sh: line 1: /usr/bin/python2: No such file or directory
sh: line 1: /usr/bin/python2: No such file or directory
sh: line 1: /usr/bin/python2: No such file or directory
sh: line 1: /usr/bin/python2: No such file or directory
sh: line 1: /usr/bin/python2: No such file or directory
sh: line 1: /usr/bin/python2: No such file or directory
sh: line 1: /usr/bin/python2: No such file or directory
sh: line 1: /usr/bin/python2: No such file or directory
sh: line 1: /usr/bin/python2: No such file or directory
sh: line 1: /usr/bin/python2: No such file or directory
sh: line 1: /usr/bin/python2: No such file or directory
sh: line 1: /usr/bin/python2: No such file or directory
sh: line 1: /usr/bin/python2: No such file or directory
sh: line 1: /usr/bin/python2: No such file or directory
sh: line 1: /usr/bin/python2: No such file or directory
sh: line 1: /usr/bin/python2: No such file or directory
sh: line 1: /usr/bin/python2: No such file or directory
sh: line 1: /usr/bin/python2: No such file or directory
sh: line 1: /usr/bin/python2: No such file or directory
sh: line 1: /usr/bin/python2: No such file or directory
sh: line 1: /usr/bin/python2: No such file or directory
sh: line 1: /usr/bin/python2: No such file or directory
sh: line 1: /usr/bin/python2: No such file or directory
sh: line 1: /usr/bin/python2: No such file or directory
sh: line 1: /usr/bin/python2: No such file or directory
sh: line 1: /usr/bin/python2: No such file or directory
sh: line 1: /usr/bin/python2: No such file or directory
sh: line 1: /usr/bin/python2: No such file or directory
sh: line 1: /usr/bin/python2: No such file or directory
sh: line 1: /usr/bin/python2: No such file or directory
sh: line 1: /usr/bin/python2: No such file or directory
sh: line 1: /usr/bin/python2: No such file or directory
sh: line 1: /usr/bin/python2: No such file or directory
sh: line 1: /usr/bin/python2: No such file or directory
sh: line 1: /usr/bin/python2: No such file or directory
sh: line 1: /usr/bin/python2: No such file or directory
sh: line 1: /usr/bin/python2: No such file or directory
sh: line 1: /usr/bin/python2: No such file or directory
sh: line 1: /usr/bin/python2: No such file or directory
sh: line 1: /usr/bin/python2: No such file or directory
sh: line 1: /usr/bin/python2: No such file or directory
sh: line 1: /usr/bin/python2: No such file or directory
sh: line 1: /usr/bin/python2: No such file or directory
sh: line 1: /usr/bin/python2: No such file or directory
sh: line 1: /usr/bin/python2: No such file or directory
sh: line 1: /usr/bin/python2: No such file or directory
sh: line 1: /usr/bin/python2: No such file or directory
sh: line 1: /usr/bin/python2: No such file or directory
sh: line 1: /usr/bin/python2: No such file or directory
sh: line 1: /usr/bin/python2: No such file or directory
sh: line 1: /usr/bin/python2: No such file or directory
sh: line 1: /usr/bin/python2: No such file or directory
sh: line 1: /usr/bin/python2: No such file or directory
sh: line 1: /usr/bin/python2: No such file or directory
sh: line 1: /usr/bin/python2: No such file or directory
Building PyQt4-4.12.3-51.fc44 for rawhide
Created task: 137255817
Task info: https://koji.fedoraproject.org/koji/taskinfo?taskID=137255817
sh: line 1: /usr/bin/python2: No such file or directory
sh: line 1: /usr/bin/python2: No such file or directory
sh: line 1: /usr/bin/python2: No such file or directory
sh: line 1: /usr/bin/python2: No such file or directory
sh: line 1: /usr/bin/python2: No such file or directory
sh: line 1: /usr/bin/python2: No such file or directory
sh: line 1: /usr/bin/python2: No such file or directory
sh: line 1: /usr/bin/python2: No such file or directory
sh: line 1: /usr/bin/python2: No such file or directory
sh: line 1: /usr/bin/python2: No such file or directory
sh: line 1: /usr/bin/python2: No such file or directory
sh: line 1: /usr/bin/python2: No such file or directory
sh: line 1: /usr/bin/python2: No such file or directory
sh: line 1: /usr/bin/python2: No such file or directory
sh: line 1: /usr/bin/python2: No such file or directory
sh: line 1: /usr/bin/python2: No such file or directory
sh: line 1: /usr/bin/python2: No such file or directory
sh: line 1: /usr/bin/python2: No such file or directory
sh: line 1: /usr/bin/python2: No such file or directory
sh: line 1: /usr/bin/python2: No such file or directory
sh: line 1: /usr/bin/python2: No such file or directory
sh: line 1: /usr/bin/python2: No such file or directory
sh: line 1: /usr/bin/python2: No such file or directory
sh: line 1: /usr/bin/python2: No such file or directory
sh: line 1: /usr/bin/python2: No such file or directory
sh: line 1: /usr/bin/python2: No such file or directory
sh: line 1: /usr/bin/python2: No such file or directory
sh: line 1: /usr/bin/python2: No such file or directory
sh: line 1: /usr/bin/python2: No such file or directory
sh: line 1: /usr/bin/python2: No such file or directory
sh: line 1: /usr/bin/python2: No such file or directory
sh: line 1: /usr/bin/python2: No such file or directory
sh: line 1: /usr/bin/python2: No such file or directory
sh: line 1: /usr/bin/python2: No such file or directory
sh: line 1: /usr/bin/python2: No such file or directory
sh: line 1: /usr/bin/python2: No such file or directory
sh: line 1: /usr/bin/python2: No such file or directory
sh: line 1: /usr/bin/python2: No such file or directory
sh: line 1: /usr/bin/python2: No such file or directory
sh: line 1: /usr/bin/python2: No such file or directory
sh: line 1: /usr/bin/python2: No such file or directory
sh: line 1: /usr/bin/python2: No such file or directory
sh: line 1: /usr/bin/python2: No such file or directory
sh: line 1: /usr/bin/python2: No such file or directory
sh: line 1: /usr/bin/python2: No such file or directory
sh: line 1: /usr/bin/python2: No such file or directory
sh: line 1: /usr/bin/python2: No such file or directory
sh: line 1: /usr/bin/python2: No such file or directory
sh: line 1: /usr/bin/python2: No such file or directory
sh: line 1: /usr/bin/python2: No such file or directory
sh: line 1: /usr/bin/python2: No such file or directory
sh: line 1: /usr/bin/python2: No such file or directory
sh: line 1: /usr/bin/python2: No such file or directory
sh: line 1: /usr/bin/python2: No such file or directory
sh: line 1: /usr/bin/python2: No such file or directory
sh: line 1: /usr/bin/python2: No such file or directory
sh: line 1: /usr/bin/python2: No such file or directory
sh: line 1: /usr/bin/python2: No such file or directory
sh: line 1: /usr/bin/python2: No such file or directory
sh: line 1: /usr/bin/python2: No such file or directory
sh: line 1: /usr/bin/python2: No such file or directory
sh: line 1: /usr/bin/python2: No such file or directory
sh: line 1: /usr/bin/python2: No such file or directory
sh: line 1: /usr/bin/python2: No such file or directory
Building PyQt4-4.12.3-51.fc43 for f43-candidate
Created task: 137255833
Task info: https://koji.fedoraproject.org/koji/taskinfo?taskID=137255833
