Cloning into 'python-hyperlink'...
RPMAutoSpec usage detected, not changing the spec file.
[rawhide 37bfdaf] Rebuilt for Python 3.14.0rc3 bytecode
 Author: Python Maint <python-maint@redhat.com>
warning: The %{pyproject_build_lib} macro is deprecated.
It only works with setuptools and is not build-backend-agnostic.
The macro is not scheduled for removal, but there is a possibility of incompatibilities with future versions of setuptools.
As a replacement for the macro for the setuptools backend on Fedora 37+, you can use $PWD/build/lib for pure Python packages,
or $PWD/build/lib.%{python3_platform}-cpython-%{python3_version_nodots} for packages with extension modules.
Other build backends and older distributions may need different paths.
See https://lists.fedoraproject.org/archives/list/python-devel@lists.fedoraproject.org/thread/HMLOPAU3RZLXD4BOJHTIPKI3I4U6U7OE/ for details.


Building python-hyperlink-21.0.0-23.fc44 for rawhide
Created task: 137259778
Task info: https://koji.fedoraproject.org/koji/taskinfo?taskID=137259778
warning: The %{pyproject_build_lib} macro is deprecated.
It only works with setuptools and is not build-backend-agnostic.
The macro is not scheduled for removal, but there is a possibility of incompatibilities with future versions of setuptools.
As a replacement for the macro for the setuptools backend on Fedora 37+, you can use $PWD/build/lib for pure Python packages,
or $PWD/build/lib.%{python3_platform}-cpython-%{python3_version_nodots} for packages with extension modules.
Other build backends and older distributions may need different paths.
See https://lists.fedoraproject.org/archives/list/python-devel@lists.fedoraproject.org/thread/HMLOPAU3RZLXD4BOJHTIPKI3I4U6U7OE/ for details.


Building python-hyperlink-21.0.0-23.fc43 for f43-candidate
Created task: 137259788
Task info: https://koji.fedoraproject.org/koji/taskinfo?taskID=137259788
