Cloning into 'python-libdiscid'...
[rawhide 48bb837] Rebuilt for Python 3.14.0rc3 bytecode
 Author: Python Maint <python-maint@redhat.com>
 1 file changed, 4 insertions(+), 1 deletion(-)
warning: The %{pyproject_build_lib} macro is deprecated.
It only works with setuptools and is not build-backend-agnostic.
The macro is not scheduled for removal, but there is a possibility of incompatibilities with future versions of setuptools.
As a replacement for the macro for the setuptools backend on Fedora 37+, you can use $PWD/build/lib for pure Python packages,
or $PWD/build/lib.%{python3_platform}-cpython-%{python3_version_nodots} for packages with extension modules.
Other build backends and older distributions may need different paths.
See https://lists.fedoraproject.org/archives/list/python-devel@lists.fedoraproject.org/thread/HMLOPAU3RZLXD4BOJHTIPKI3I4U6U7OE/ for details.


Building python-libdiscid-2.0.2-12.fc44 for rawhide
Created task: 137260637
Task info: https://koji.fedoraproject.org/koji/taskinfo?taskID=137260637
warning: The %{pyproject_build_lib} macro is deprecated.
It only works with setuptools and is not build-backend-agnostic.
The macro is not scheduled for removal, but there is a possibility of incompatibilities with future versions of setuptools.
As a replacement for the macro for the setuptools backend on Fedora 37+, you can use $PWD/build/lib for pure Python packages,
or $PWD/build/lib.%{python3_platform}-cpython-%{python3_version_nodots} for packages with extension modules.
Other build backends and older distributions may need different paths.
See https://lists.fedoraproject.org/archives/list/python-devel@lists.fedoraproject.org/thread/HMLOPAU3RZLXD4BOJHTIPKI3I4U6U7OE/ for details.


Building python-libdiscid-2.0.2-12.fc43 for f43-candidate
Created task: 137260639
Task info: https://koji.fedoraproject.org/koji/taskinfo?taskID=137260639
